../Core/Src/main.c:76:6:SimulateReadWriteOperation	16	static,ignoring_inline_asm
../Core/Src/main.c:96:5:main	8	static
../Core/Src/main.c:182:6:SystemClock_Config	72	static
../Core/Src/main.c:222:13:MX_GPIO_Init	32	static
../Core/Src/main.c:247:6:AccessSharedData	8	static
../Core/Src/main.c:272:6:StartDefaultTask	16	static
../Core/Src/main.c:290:6:StartGreenFlashTask	16	static
../Core/Src/main.c:319:6:StartRedFlashTask	16	static
../Core/Src/main.c:348:6:HAL_TIM_PeriodElapsedCallback	16	static
../Core/Src/main.c:365:6:Error_Handler	4	static,ignoring_inline_asm
